Testing AI response...
node.exe : Mentor Response 
Error: 
GoogleGenerativeAIError: 
[404 Not Found] 
models/gemini-pro is not 
found for API version v1, 
or is not supported for 
generateContent. Call 
ListModels to see the list 
of available models and 
their supported methods.
At line:1 char:1
+ & "C:\Users\march\AppData\
Local\Programs\nodejs\node.e
xe" test_ai.js  ...
+ ~~~~~~~~~~~~~~~~~~~~~~~~~~
~~~~~~~~~~~~~~~~~~~~~~~~~~~~
~~~~~~~~~~~~~~~
    + CategoryInfo          
    : NotSpecified: (Mento  
  r Response...ported met   
 hods.:String) [], Remot    
eException
    + FullyQualifiedErrorId 
    : NativeCommandError
 
    at makeRequest (file:///
E:/start/mentor/server/node_
modules/@google/generative-a
i/dist/index.mjs:214:19)
    at process.processTicksA
ndRejections (node:internal/
process/task_queues:105:5)
    at async 
generateContent (file:///E:/
start/mentor/server/node_mod
ules/@google/generative-ai/d
ist/index.mjs:523:22)
    at async 
generateMentorResponse (file
:///E:/start/mentor/server/s
ervices/aiService.js:65:20)
    at async test (file:///E
:/start/mentor/server/test_a
i.js:17:22)
Response received:
≡ƒÆí Expert Guidance for TestCo

Thank you for your question. Based on your profile:

**Your Context:**
ΓÇó Stage: Idea
ΓÇó Industry: Technology
ΓÇó Focus: Growth

**Strategic Recommendations:**

1. **Immediate Priorities (0-30 days):**
   ΓÇó Complete company registration immediately
   ΓÇó Set up basic financial systems

2. **Growth Actions (30-90 days):**
   ΓÇó Build and test your MVP/product
   ΓÇó Establish key metrics and tracking
   ΓÇó Create fundraising or revenue plan

3. **Risk Management:**
   ΓÇó Address any legal/compliance gaps
   ΓÇó Maintain adequate cash runway
   ΓÇó Regular team and customer feedback

**Resources:**
ΓÇó Startup India portal for government schemes
ΓÇó Industry-specific mentor networks
ΓÇó Legal and financial advisors

Would you like me to dive deeper into any specific area? I can provide detailed guidance on:
- Funding strategy
- Compliance requirements
- Risk mitigation
- Growth roadmap
- Team building

Feel free to ask follow-up questions!
